Info: *******************************************************************
Info: Running Quartus Prime Shell
    Info: Version 25.1std.0 Build 1129 10/21/2025 SC Lite Edition
    Info: Copyright (C) 2025  Altera Corporation. All rights reserved.
    Info: Your use of Altera Corporation's design tools, logic functions 
    Info: and other software and tools, and any partner logic 
    Info: functions, and any output files from any of the foregoing 
    Info: (including device programming or simulation files), and any 
    Info: associated documentation or information are expressly subject 
    Info: to the terms and conditions of the Altera Program License 
    Info: Subscription Agreement, the Altera Quartus Prime License Agreement,
    Info: the Altera IP License Agreement, or other applicable license
    Info: agreement, including, without limitation, that your use is for
    Info: the sole purpose of programming logic devices manufactured by
    Info: Altera and sold by Altera or its authorized distributors.  Please
    Info: refer to the Altera Software License Subscription Agreements 
    Info: on the Quartus Prime software download page.
    Info: Processing started: Sun Aug  9 17:37:30 2026
Info: Command: quartus_sh --flow compile C:\Users\micha\Documents(Local)\Projects\tinyLPU\synthesis\build\tiny_lpu_de1_soc_hps\tiny_lpu_de1_soc_hps
Info: Quartus(args): compile {C:\Users\micha\Documents(Local)\Projects\tinyLPU\synthesis\build\tiny_lpu_de1_soc_hps\tiny_lpu_de1_soc_hps}
Info: Project Name = C:/Users/micha//Projects/tinyLPU/synthesis/build/tiny_lpu_de1_soc_hps/tiny_lpu_de1_soc_hps
Info: Revision Name = tiny_lpu_de1_soc_hps
Error (23031): Evaluation of Tcl script c:/altera_lite/25.1std/quartus/common/tcl/internal/qsh_flow.tcl unsuccessful
Error: Quartus Prime Shell was unsuccessful. 1 error, 0 warnings
    Error: Peak virtual memory: 4654 megabytes
    Error: Processing ended: Sun Aug  9 17:37:31 2026
    Error: Elapsed time: 00:00:01
    Error: Total CPU time (on all processors): 00:00:00
