Info: Starting: Create HDL design files for synthesis
Info: qsys-generate C:\Users\micha\Documents(Local)\Projects\LPULite\synthesis\project\platform_designer_hps_system.qsys --synthesis=VERILOG --output-directory=C:\Users\micha\Documents(Local)\Projects\LPULite\synthesis\project\platform_designer_hps_system\synthesis --family="Cyclone V" --part=5CSEMA5F31C6
Progress: Loading project/platform_designer_hps_system.qsys
Progress: Reading input file
Progress: Adding clk_0 [clock_source 25.1]
Progress: Parameterizing module clk_0
Progress: Adding hps_0 [altera_hps 25.1]
Progress: Parameterizing module hps_0
Progress: Adding lpu_0 [lpu_de1_soc 1.0]
Progress: Parameterizing module lpu_0
Progress: Building connections
Progress: Parameterizing connections
Progress: Validating
Progress: Done reading input file
Info: platform_designer_hps_system.hps_0: HPS Main PLL counter settings: n = 0  m = 73
Info: platform_designer_hps_system.hps_0: HPS peripherial PLL counter settings: n = 0  m = 39
Warning: platform_designer_hps_system.hps_0: "Configuration/HPS-to-FPGA user 0 clock frequency" (desired_cfg_clk_mhz) requested 100.0 MHz, but only achieved 97.368421 MHz
Warning: platform_designer_hps_system.hps_0: 1 or more output clock frequencies cannot be achieved precisely, consider revising desired output clock frequencies.
Warning: platform_designer_hps_system.hps_0: HPS model no longer supports simulation for HPS FPGA Bridges.
Warning: platform_designer_hps_system.hps_0: ODT is disabled. Enabling ODT (Mode Register 1) may improve signal integrity
Warning: platform_designer_hps_system.hps_0: set_interface_assignment: Interface "hps_io" does not exist
Info: platform_designer_hps_system: Generating "platform_designer_hps_system" for QUARTUS_SYNTH
Info: Interconnect is inserted between master hps_0.h2f_lw_axi_master and slave lpu_0.avs because the master is of type axi and the slave is of type avalon.
Info: hps_0: "Running  for module: hps_0"
Info: hps_0: HPS Main PLL counter settings: n = 0  m = 73
Info: hps_0: HPS peripherial PLL counter settings: n = 0  m = 39
Warning: hps_0: "Configuration/HPS-to-FPGA user 0 clock frequency" (desired_cfg_clk_mhz) requested 100.0 MHz, but only achieved 97.368421 MHz
Warning: hps_0: 1 or more output clock frequencies cannot be achieved precisely, consider revising desired output clock frequencies.
Warning: hps_0: HPS model no longer supports simulation for HPS FPGA Bridges.
Warning: hps_0: ODT is disabled. Enabling ODT (Mode Register 1) may improve signal integrity
Warning: hps_0: set_interface_assignment: Interface "hps_io" does not exist
