Info: Starting: Create HDL design files for synthesis
Info: qsys-generate C:\Users\micha\Documents(Local)\Projects\LPULite\synthesis\project\platform_designer_hps_system.qsys --synthesis=VERILOG --output-directory=C:\Users\micha\Documents(Local)\Projects\LPULite\synthesis\project\platform_designer_hps_system\synthesis --family="Cyclone V" --part=5CSEMA5F31C6
Progress: Loading project/platform_designer_hps_system.qsys
Progress: Reading input file
Progress: Adding clk_0 [clock_source 25.1]
Progress: Parameterizing module clk_0
Progress: Adding hps_0 [altera_hps 25.1]
Progress: Parameterizing module hps_0
Progress: Adding lpu_0 [lpu_de1_soc 1.0]
Progress: Parameterizing module lpu_0
Progress: Building connections
Progress: Parameterizing connections
Progress: Validating
Progress: Done reading input file
Info: platform_designer_hps_system.hps_0: HPS Main PLL counter settings: n = 0  m = 73
Info: platform_designer_hps_system.hps_0: HPS peripherial PLL counter settings: n = 0  m = 39
Warning: platform_designer_hps_system.hps_0: "Configuration/HPS-to-FPGA user 0 clock frequency" (desired_cfg_clk_mhz) requested 100.0 MHz, but only achieved 97.368421 MHz
Warning: platform_designer_hps_system.hps_0: 1 or more output clock frequencies cannot be achieved precisely, consider revising desired output clock frequencies.
Warning: platform_designer_hps_system.hps_0: HPS model no longer supports simulation for HPS FPGA Bridges.
Warning: platform_designer_hps_system.hps_0: ODT is disabled. Enabling ODT (Mode Register 1) may improve signal integrity
Warning: platform_designer_hps_system.hps_0: set_interface_assignment: Interface "hps_io" does not exist
Info: platform_designer_hps_system: Generating "platform_designer_hps_system" for QUARTUS_SYNTH
Info: Interconnect is inserted between master hps_0.h2f_lw_axi_master and slave lpu_0.avs because the master is of type axi and the slave is of type avalon.
Info: hps_0: "Running  for module: hps_0"
Info: hps_0: HPS Main PLL counter settings: n = 0  m = 73
Info: hps_0: HPS peripherial PLL counter settings: n = 0  m = 39
Warning: hps_0: "Configuration/HPS-to-FPGA user 0 clock frequency" (desired_cfg_clk_mhz) requested 100.0 MHz, but only achieved 97.368421 MHz
Warning: hps_0: 1 or more output clock frequencies cannot be achieved precisely, consider revising desired output clock frequencies.
Warning: hps_0: HPS model no longer supports simulation for HPS FPGA Bridges.
Warning: hps_0: ODT is disabled. Enabling ODT (Mode Register 1) may improve signal integrity
Warning: hps_0: set_interface_assignment: Interface "hps_io" does not exist
Info: hps_0: "platform_designer_hps_system" instantiated altera_hps "hps_0"
Info: lpu_0: "platform_designer_hps_system" instantiated lpu_de1_soc "lpu_0"
Info: avalon_st_adapter: Inserting error_adapter: error_adapter_0
Info: mm_interconnect_0: "platform_designer_hps_system" instantiated altera_mm_interconnect "mm_interconnect_0"
Info: rst_controller: "platform_designer_hps_system" instantiated altera_reset_controller "rst_controller"
Info: fpga_interfaces: "hps_0" instantiated altera_interface_generator "fpga_interfaces"
Info: hps_io: "hps_0" instantiated altera_hps_io "hps_io"
Info: lpu_0_avs_translator: "mm_interconnect_0" instantiated altera_merlin_slave_translator "lpu_0_avs_translator"
Info: hps_0_h2f_lw_axi_master_agent: "mm_interconnect_0" instantiated altera_merlin_axi_master_ni "hps_0_h2f_lw_axi_master_agent"
Info: lpu_0_avs_agent: "mm_interconnect_0" instantiated altera_merlin_slave_agent "lpu_0_avs_agent"
Info: lpu_0_avs_agent_rsp_fifo: "mm_interconnect_0" instantiated altera_avalon_sc_fifo "lpu_0_avs_agent_rsp_fifo"
Info: router: "mm_interconnect_0" instantiated altera_merlin_router "router"
Info: router_002: "mm_interconnect_0" instantiated altera_merlin_router "router_002"
Info: lpu_0_avs_burst_adapter: "mm_interconnect_0" instantiated altera_merlin_burst_adapter "lpu_0_avs_burst_adapter"
Info: Reusing file C:/Users/micha/Documents(Local)/Projects/LPULite/synthesis/project/platform_designer_hps_system/synthesis/submodules/altera_merlin_address_alignment.sv
Info: cmd_demux: "mm_interconnect_0" instantiated altera_merlin_demultiplexer "cmd_demux"
Info: cmd_mux: "mm_interconnect_0" instantiated altera_merlin_multiplexer "cmd_mux"
Info: rsp_demux: "mm_interconnect_0" instantiated altera_merlin_demultiplexer "rsp_demux"
Info: rsp_mux: "mm_interconnect_0" instantiated altera_merlin_multiplexer "rsp_mux"
Info: Reusing file C:/Users/micha/Documents(Local)/Projects/LPULite/synthesis/project/platform_designer_hps_system/synthesis/submodules/altera_merlin_arbitrator.sv
Info: avalon_st_adapter: "mm_interconnect_0" instantiated altera_avalon_st_adapter "avalon_st_adapter"
Info: border: "hps_io" instantiated altera_interface_generator "border"
Info: error_adapter_0: "avalon_st_adapter" instantiated error_adapter "error_adapter_0"
Info: platform_designer_hps_system: Done "platform_designer_hps_system" with 21 modules, 76 files
Info: qsys-generate succeeded.
Info: Finished: Create HDL design files for synthesis
