Info: Starting: Create HDL design files for synthesis
Info: qsys-generate C:\Users\micha\Documents(Local)\Projects\tinyLPU\synthesis\build\hps_scratch\scratch_hps.qsys --synthesis=VERILOG --output-directory=C:\Users\micha\Documents(Local)\Projects\tinyLPU\synthesis\build\hps_scratch\scratch_hps\synthesis --family="Cyclone V" --part=5CSEMA5F31C6
Progress: Loading hps_scratch/scratch_hps.qsys
Progress: Reading input file
Progress: Adding hps_0 [altera_hps 25.1]
Progress: Parameterizing module hps_0
Progress: Building connections
Progress: Parameterizing connections
Progress: Validating
Progress: Done reading input file
Info: scratch_hps.hps_0: HPS Main PLL counter settings: n = 0  m = 73
Info: scratch_hps.hps_0: HPS peripherial PLL counter settings: n = 0  m = 39
Warning: scratch_hps.hps_0: "Configuration/HPS-to-FPGA user 0 clock frequency" (desired_cfg_clk_mhz) requested 100.0 MHz, but only achieved 97.368421 MHz
Warning: scratch_hps.hps_0: 1 or more output clock frequencies cannot be achieved precisely, consider revising desired output clock frequencies.
Warning: scratch_hps.hps_0: HPS model no longer supports simulation for HPS FPGA Bridges.
Warning: scratch_hps.hps_0: ODT is disabled. Enabling ODT (Mode Register 1) may improve signal integrity
Warning: scratch_hps.hps_0: set_interface_assignment: Interface "hps_io" does not exist
Warning: scratch_hps.hps_0: hps_0.h2f_mpu_events must be exported, or connected to a matching conduit.
Error: scratch_hps.hps_0: hps_0.f2h_sdram0_clock must be connected to a clock output
Error: scratch_hps.hps_0: hps_0.h2f_lw_axi_clock must be connected to a clock output
Info: scratch_hps: Generating "scratch_hps" for QUARTUS_SYNTH
Info: hps_0: "Running  for module: hps_0"
Info: hps_0: HPS Main PLL counter settings: n = 0  m = 73
Info: hps_0: HPS peripherial PLL counter settings: n = 0  m = 39
Warning: hps_0: "Configuration/HPS-to-FPGA user 0 clock frequency" (desired_cfg_clk_mhz) requested 100.0 MHz, but only achieved 97.368421 MHz
Warning: hps_0: 1 or more output clock frequencies cannot be achieved precisely, consider revising desired output clock frequencies.
Warning: hps_0: HPS model no longer supports simulation for HPS FPGA Bridges.
Warning: hps_0: ODT is disabled. Enabling ODT (Mode Register 1) may improve signal integrity
Warning: hps_0: set_interface_assignment: Interface "hps_io" does not exist
Info: hps_0: "scratch_hps" instantiated altera_hps "hps_0"
Info: fpga_interfaces: "hps_0" instantiated altera_interface_generator "fpga_interfaces"
Info: hps_io: "hps_0" instantiated altera_hps_io "hps_io"
Error: border: Error during execution of script generate_hps_sdram.tcl: seq: Error during execution of "{C:/altera_lite/25.1std/quartus/../nios2eds/Nios II Command Shell.bat} make all 2>> stderr.txt": child process exited abnormally
Error: border: Error during execution of script generate_hps_sdram.tcl: seq: Execution of command "{C:/altera_lite/25.1std/quartus/../nios2eds/Nios II Command Shell.bat} make all 2>> stderr.txt" failed
Error: border: Error during execution of script generate_hps_sdram.tcl: seq: Nios II Command Shell.bat requires Windows Subsystem for Linux (WSL) to run.
Error: border: Error during execution of script generate_hps_sdram.tcl: seq: Please install WSL and try again.
Error: border: Error during execution of script generate_hps_sdram.tcl: seq: child process exited abnormally
Error: border: Error during execution of script generate_hps_sdram.tcl: seq: add_fileset_file: No such file C:/Users/micha/AppData/Local/Temp/alt0674_1112984455633457712.dir/0004_seq_gen/hps_AC_ROM.hex
Error: border: Error during execution of script generate_hps_sdram.tcl: Generation stopped, 3 or more modules remaining
Error: border: Execution of script generate_hps_sdram.tcl failed
Error: border: 2026.08.09.13:59:12 Info:
Error: border: ********************************************************************************************************************
Error: border: 
Error: border: Use qsys-generate for a simpler command-line interface for generating IP.
Error: border: 
Error: border: Run ip-generate with switch --remove-qsys-generate-warning to prevent this notice from appearing in subsequent runs.
Error: border: 
Error: border: ********************************************************************************************************************
Error: border: 2026.08.09.13:59:14 Warning: Ignored parameter assignment device=5CSEMA5F31C6
Error: border: 2026.08.09.13:59:14 Warning: Ignored parameter assignment extended_family_support=true
Error: border: 2026.08.09.13:59:17 Warning: hps_sdram: ODT is disabled. Enabling ODT (Mode Register 1) may improve signal integrity
Error: border: 2026.08.09.13:59:17 Warning: hps_sdram: 'Quick' simulation modes are NOT timing accurate. Some simulation memory models may issue warnings or errors
Error: border: 2026.08.09.13:59:17 Warning: hps_sdram.seq: This module has no ports or interfaces
Error: border: 2026.08.09.13:59:17 Warning: hps_sdram.c0: ODT is disabled. Enabling ODT (Mode Register 1) may improve signal integrity
Error: border: 2026.08.09.13:59:17 Warning: hps_sdram.p0: p0.scc must be exported, or connected to a matching conduit.
Error: border: 2026.08.09.13:59:17 Warning: hps_sdram.as: as.afi_init_cal_req must be exported, or connected to a matching conduit.
Error: border: 2026.08.09.13:59:17 Warning: hps_sdram.as: as.tracking must be exported, or connected to a matching conduit.
Error: border: 2026.08.09.13:59:17 Warning: hps_sdram.c0: c0.status must be exported, or connected to a matching conduit.
Error: border: 2026.08.09.13:59:17 Warning: hps_sdram.p0: p0.avl must be connected to an Avalon-MM master
Error: border: 2026.08.09.13:59:17 Info: hps_sdram: Generating "hps_sdram" for QUARTUS_SYNTH
Error: border: 2026.08.09.13:59:19 Info: pll: "hps_sdram" instantiated altera_mem_if_hps_pll "pll"
Error: border: 2026.08.09.13:59:19 Info: p0: Generating clock pair generator
Error: border: 2026.08.09.13:59:20 Info: p0: Generating hps_sdram_p0_altdqdqs
Error: border: 2026.08.09.13:59:24 Info: p0:
Error: border: 2026.08.09.13:59:24 Info: p0: *****************************
Error: border: 2026.08.09.13:59:24 Info: p0:
Error: border: 2026.08.09.13:59:24 Info: p0: Remember to run the hps_sdram_p0_pin_assignments.tcl
Error: border: 2026.08.09.13:59:24 Info: p0: script after running Synthesis and before Fitting.
Error: border: 2026.08.09.13:59:24 Info: p0:
Error: border: 2026.08.09.13:59:24 Info: p0: *****************************
Error: border: 2026.08.09.13:59:24 Info: p0:
Error: border: 2026.08.09.13:59:24 Info: p0: "hps_sdram" instantiated altera_mem_if_ddr3_hard_phy_core "p0"
Error: border: 2026.08.09.13:59:24 Error: seq: Error during execution of "{C:/altera_lite/25.1std/quartus/../nios2eds/Nios II Command Shell.bat} make all 2>> stderr.txt": child process exited abnormally
Error: border: 2026.08.09.13:59:24 Error: seq: Execution of command "{C:/altera_lite/25.1std/quartus/../nios2eds/Nios II Command Shell.bat} make all 2>> stderr.txt" failed
Error: border: 2026.08.09.13:59:24 Error: seq: Nios II Command Shell.bat requires Windows Subsystem for Linux (WSL) to run.
Error: border: 2026.08.09.13:59:24 Error: seq: Please install WSL and try again.
Error: border: 2026.08.09.13:59:24 Error: seq: child process exited abnormally
Error: border: 2026.08.09.13:59:25 Error: seq: add_fileset_file: No such file C:/Users/micha/AppData/Local/Temp/alt0674_1112984455633457712.dir/0004_seq_gen/hps_AC_ROM.hex
Error: border: while executing
Error: border: "add_fileset_file $file_name [::alt_mem_if::util::hwtcl_utils::get_file_type $file_name 0] PATH $file_pathname"
Error: border: ("foreach" body line 4)
Error: border: invoked from within
Error: border: "foreach file_pathname $return_files_sw {
Error: border: 		_dprint 1 "Preparing to add $file_pathname"
Error: border: 		set file_name [file tail $file_pathname]
Error: border: 		add_fileset_file $..."
Error: border: (procedure "generate_sw" line 18)
Error: border: invoked from within
Error: border: "generate_sw $name $fileset"
Error: border: ("if" then script line 4)
Error: border: invoked from within
Error: border: "if {[string compare -nocase $fileset QUARTUS_SYNTH] == 0} {
Error: border: 		set top_level_file "altera_mem_if_hhp_qseq_synth_top.v"
Error: border: 		add_fileset_file $top_level_fi..."
Error: border: (procedure "generate_files" line 4)
Error: border: invoked from within
Error: border: "generate_files $name QUARTUS_SYNTH"
Error: border: (procedure "generate_synth" line 3)
Error: border: invoked from within
Error: border: "generate_synth altera_mem_if_hhp_qseq_synth_top"
Error: border: 2026.08.09.13:59:25 Info: seq: "hps_sdram" instantiated altera_mem_if_hhp_ddr3_qseq "seq"
Error: border: 2026.08.09.13:59:25 Error: Generation stopped, 3 or more modules remaining
Error: border: 2026.08.09.13:59:25 Info: hps_sdram: Done "hps_sdram" with 7 modules, 33 files
Info: border: "hps_io" instantiated altera_interface_generator "border"
Info: scratch_hps: Done "scratch_hps" with 5 modules, 40 files
Error: qsys-generate failed with exit code 1: 73 Errors, 11 Warnings
Info: Finished: Create HDL design files for synthesis
